// Jest Snapshot v1, https://goo.gl/fbAQLP

exports[`should match snapshot 1`] = `
<DocumentFragment>
  <div
    class="spinner-0-2-1"
  >
    <div
      class="doubleBounce-0-2-2 doubleBounce-d0-0-2-5"
    />
    <div
      class="doubleBounce-0-2-2 doubleBounce-d0-0-2-5,doubleBounce2-0-2-3"
    />
  </div>
</DocumentFragment>
`;
